// Jest Snapshot v1, https://goo.gl/fbAQLP

exports[`<AppHeader /> renders correctly 1`] = `
<ThemeProvider
  theme={
    Object {
      "breakpoints": Object {
        "between": [Function],
        "down": [Function],
        "keys": Array [
          "xs",
          "sm",
          "md",
          "lg",
          "xl",
        ],
        "only": [Function],
        "up": [Function],
        "values": Object {
          "lg": 1280,
          "md": 960,
          "sm": 600,
          "xl": 1920,
          "xs": 0,
        },
        "width": [Function],
      },
      "direction": "ltr",
      "mixins": Object {
        "gutters": [Function],
        "toolbar": Object {
          "@media (min-width:0px) and (orientation: landscape)": Object {
            "minHeight": 48,
          },
          "@media (min-width:600px)": Object {
            "minHeight": 64,
          },
          "minHeight": 56,
        },
      },
      "overrides": Object {},
      "palette": Object {
        "action": Object {
          "active": "#fff",
          "disabled": "rgba(255, 255, 255, 0.3)",
          "disabledBackground": "rgba(255, 255, 255, 0.12)",
          "hover": "rgba(255, 255, 255, 0.08)",
          "hoverOpacity": 0.08,
          "selected": "rgba(255, 255, 255, 0.16)",
          "selectedOpacity": 0.16,
        },
        "augmentColor": [Function],
        "background": Object {
          "default": "#121212",
          "eightperc": "#242424",
          "fiveperc": "#1D1D1D",
          "paper": "#424242",
          "sevenperc": "#212121",
        },
        "common": Object {
          "black": "#000",
          "white": "#fff",
        },
        "contrastThreshold": 3,
        "divider": "rgba(255, 255, 255, 0.12)",
        "error": Object {
          "contrastText": "#fff",
          "dark": "#d32f2f",
          "light": "#e57373",
          "main": "#f44336",
        },
        "getContrastText": [Function],
        "grey": Object {
          "100": "#f5f5f5",
          "200": "#eeeeee",
          "300": "#e0e0e0",
          "400": "#bdbdbd",
          "50": "#fafafa",
          "500": "#9e9e9e",
          "600": "#757575",
          "700": "#616161",
          "800": "#424242",
          "900": "#212121",
          "A100": "#d5d5d5",
          "A200": "#aaaaaa",
          "A400": "#303030",
          "A700": "#616161",
        },
        "info": Object {
          "contrastText": "#fff",
          "dark": "#1976d2",
          "light": "#64b5f6",
          "main": "#2196f3",
        },
        "primary": Object {
          "contrastText": "rgba(0, 0, 0, 0.87)",
          "dark": "rgb(2, 152, 138)",
          "light": "rgb(53, 225, 209)",
          "main": "#03DAC6",
        },
        "secondary": Object {
          "contrastText": "rgba(0, 0, 0, 0.87)",
          "dark": "#3700B3",
          "light": "rgb(200, 158, 252)",
          "main": "#BB86FC",
        },
        "success": Object {
          "contrastText": "rgba(0, 0, 0, 0.87)",
          "dark": "#388e3c",
          "light": "#81c784",
          "main": "#4caf50",
        },
        "text": Object {
          "disabled": "rgba(255, 255, 255, 0.5)",
          "error": "#CF6679",
          "hint": "rgba(255, 255, 255, 0.5)",
          "icon": "rgba(255, 255, 255, 0.5)",
          "primary": "#f1f1f1",
          "secondary": "#121212",
        },
        "tonalOffset": 0.2,
        "type": "dark",
        "warning": Object {
          "contrastText": "rgba(0, 0, 0, 0.87)",
          "dark": "#f57c00",
          "light": "#ffb74d",
          "main": "#ff9800",
        },
      },
      "props": Object {},
      "shadows": Array [
        "none",
        "0px 2px 1px -1px rgba(0,0,0,0.2),0px 1px 1px 0px rgba(0,0,0,0.14),0px 1px 3px 0px rgba(0,0,0,0.12)",
        "0px 3px 1px -2px rgba(0,0,0,0.2),0px 2px 2px 0px rgba(0,0,0,0.14),0px 1px 5px 0px rgba(0,0,0,0.12)",
        "0px 3px 3px -2px rgba(0,0,0,0.2),0px 3px 4px 0px rgba(0,0,0,0.14),0px 1px 8px 0px rgba(0,0,0,0.12)",
        "0px 2px 4px -1px rgba(0,0,0,0.2),0px 4px 5px 0px rgba(0,0,0,0.14),0px 1px 10px 0px rgba(0,0,0,0.12)",
        "0px 3px 5px -1px rgba(0,0,0,0.2),0px 5px 8px 0px rgba(0,0,0,0.14),0px 1px 14px 0px rgba(0,0,0,0.12)",
        "0px 3px 5px -1px rgba(0,0,0,0.2),0px 6px 10px 0px rgba(0,0,0,0.14),0px 1px 18px 0px rgba(0,0,0,0.12)",
        "0px 4px 5px -2px rgba(0,0,0,0.2),0px 7px 10px 1px rgba(0,0,0,0.14),0px 2px 16px 1px rgba(0,0,0,0.12)",
        "0px 5px 5px -3px rgba(0,0,0,0.2),0px 8px 10px 1px rgba(0,0,0,0.14),0px 3px 14px 2px rgba(0,0,0,0.12)",
        "0px 5px 6px -3px rgba(0,0,0,0.2),0px 9px 12px 1px rgba(0,0,0,0.14),0px 3px 16px 2px rgba(0,0,0,0.12)",
        "0px 6px 6px -3px rgba(0,0,0,0.2),0px 10px 14px 1px rgba(0,0,0,0.14),0px 4px 18px 3px rgba(0,0,0,0.12)",
        "0px 6px 7px -4px rgba(0,0,0,0.2),0px 11px 15px 1px rgba(0,0,0,0.14),0px 4px 20px 3px rgba(0,0,0,0.12)",
        "0px 7px 8px -4px rgba(0,0,0,0.2),0px 12px 17px 2px rgba(0,0,0,0.14),0px 5px 22px 4px rgba(0,0,0,0.12)",
        "0px 7px 8px -4px rgba(0,0,0,0.2),0px 13px 19px 2px rgba(0,0,0,0.14),0px 5px 24px 4px rgba(0,0,0,0.12)",
        "0px 7px 9px -4px rgba(0,0,0,0.2),0px 14px 21px 2px rgba(0,0,0,0.14),0px 5px 26px 4px rgba(0,0,0,0.12)",
        "0px 8px 9px -5px rgba(0,0,0,0.2),0px 15px 22px 2px rgba(0,0,0,0.14),0px 6px 28px 5px rgba(0,0,0,0.12)",
        "0px 8px 10px -5px rgba(0,0,0,0.2),0px 16px 24px 2px rgba(0,0,0,0.14),0px 6px 30px 5px rgba(0,0,0,0.12)",
        "0px 8px 11px -5px rgba(0,0,0,0.2),0px 17px 26px 2px rgba(0,0,0,0.14),0px 6px 32px 5px rgba(0,0,0,0.12)",
        "0px 9px 11px -5px rgba(0,0,0,0.2),0px 18px 28px 2px rgba(0,0,0,0.14),0px 7px 34px 6px rgba(0,0,0,0.12)",
        "0px 9px 12px -6px rgba(0,0,0,0.2),0px 19px 29px 2px rgba(0,0,0,0.14),0px 7px 36px 6px rgba(0,0,0,0.12)",
        "0px 10px 13px -6px rgba(0,0,0,0.2),0px 20px 31px 3px rgba(0,0,0,0.14),0px 8px 38px 7px rgba(0,0,0,0.12)",
        "0px 10px 13px -6px rgba(0,0,0,0.2),0px 21px 33px 3px rgba(0,0,0,0.14),0px 8px 40px 7px rgba(0,0,0,0.12)",
        "0px 10px 14px -6px rgba(0,0,0,0.2),0px 22px 35px 3px rgba(0,0,0,0.14),0px 8px 42px 7px rgba(0,0,0,0.12)",
        "0px 11px 14px -7px rgba(0,0,0,0.2),0px 23px 36px 3px rgba(0,0,0,0.14),0px 9px 44px 8px rgba(0,0,0,0.12)",
        "0px 11px 15px -7px rgba(0,0,0,0.2),0px 24px 38px 3px rgba(0,0,0,0.14),0px 9px 46px 8px rgba(0,0,0,0.12)",
      ],
      "shape": Object {
        "borderRadius": 4,
      },
      "spacing": [Function],
      "transitions": Object {
        "create": [Function],
        "duration": Object {
          "complex": 375,
          "enteringScreen": 225,
          "leavingScreen": 195,
          "short": 250,
          "shorter": 200,
          "shortest": 150,
          "standard": 300,
        },
        "easing": Object {
          "easeIn": "cubic-bezier(0.4, 0, 1, 1)",
          "easeInOut": "cubic-bezier(0.4, 0, 0.2, 1)",
          "easeOut": "cubic-bezier(0.0, 0, 0.2, 1)",
          "sharp": "cubic-bezier(0.4, 0, 0.6, 1)",
        },
        "getAutoHeightDuration": [Function],
      },
      "typography": Object {
        "body1": Object {
          "fontFamily": "\\"Roboto\\", \\"Helvetica\\", \\"Arial\\", sans-serif",
          "fontSize": "1rem",
          "fontWeight": 400,
          "letterSpacing": "0.00938em",
          "lineHeight": 1.5,
        },
        "body2": Object {
          "fontFamily": "\\"Roboto\\", \\"Helvetica\\", \\"Arial\\", sans-serif",
          "fontSize": "0.875rem",
          "fontWeight": 400,
          "letterSpacing": "0.01071em",
          "lineHeight": 1.43,
        },
        "button": Object {
          "fontFamily": "\\"Roboto\\", \\"Helvetica\\", \\"Arial\\", sans-serif",
          "fontSize": "0.875rem",
          "fontWeight": 500,
          "letterSpacing": "0.02857em",
          "lineHeight": 1.75,
          "textTransform": "uppercase",
        },
        "caption": Object {
          "fontFamily": "\\"Roboto\\", \\"Helvetica\\", \\"Arial\\", sans-serif",
          "fontSize": "0.75rem",
          "fontWeight": 400,
          "letterSpacing": "0.03333em",
          "lineHeight": 1.66,
        },
        "fontFamily": "\\"Roboto\\", \\"Helvetica\\", \\"Arial\\", sans-serif",
        "fontSize": 14,
        "fontWeightBold": 700,
        "fontWeightLight": 300,
        "fontWeightMedium": 500,
        "fontWeightRegular": 400,
        "h1": Object {
          "@media (min-width:1280px)": Object {
            "fontSize": "5.9983rem",
          },
          "@media (min-width:600px)": Object {
            "fontSize": "4.7129rem",
          },
          "@media (min-width:960px)": Object {
            "fontSize": "5.3556rem",
          },
          "fontFamily": "\\"Roboto\\", \\"Helvetica\\", \\"Arial\\", sans-serif",
          "fontSize": "3.5rem",
          "fontWeight": 300,
          "letterSpacing": "-0.01562em",
          "lineHeight": 1.167,
        },
        "h2": Object {
          "@media (min-width:1280px)": Object {
            "fontSize": "3.75rem",
          },
          "@media (min-width:600px)": Object {
            "fontSize": "2.9167rem",
          },
          "@media (min-width:960px)": Object {
            "fontSize": "3.3333rem",
          },
          "fontFamily": "\\"Roboto\\", \\"Helvetica\\", \\"Arial\\", sans-serif",
          "fontSize": "2.375rem",
          "fontWeight": 300,
          "letterSpacing": "-0.00833em",
          "lineHeight": 1.2,
        },
        "h3": Object {
          "@media (min-width:1280px)": Object {
            "fontSize": "2.9991rem",
          },
          "@media (min-width:600px)": Object {
            "fontSize": "2.5707rem",
          },
          "@media (min-width:960px)": Object {
            "fontSize": "2.7849rem",
          },
          "fontFamily": "\\"Roboto\\", \\"Helvetica\\", \\"Arial\\", sans-serif",
          "fontSize": "2rem",
          "fontWeight": 400,
          "letterSpacing": "0em",
          "lineHeight": 1.167,
        },
        "h4": Object {
          "@media (min-width:1280px)": Object {
            "fontSize": "2.0243rem",
          },
          "@media (min-width:600px)": Object {
            "fontSize": "1.8219rem",
          },
          "@media (min-width:960px)": Object {
            "fontSize": "2.0243rem",
          },
          "fontFamily": "\\"Roboto\\", \\"Helvetica\\", \\"Arial\\", sans-serif",
          "fontSize": "1.5625rem",
          "fontWeight": 400,
          "letterSpacing": "0.00735em",
          "lineHeight": 1.235,
        },
        "h5": Object {
          "@media (min-width:1280px)": Object {
            "fontSize": "1.4993rem",
          },
          "@media (min-width:600px)": Object {
            "fontSize": "1.3118rem",
          },
          "@media (min-width:960px)": Object {
            "fontSize": "1.4993rem",
          },
          "fontFamily": "\\"Roboto\\", \\"Helvetica\\", \\"Arial\\", sans-serif",
          "fontSize": "1.25rem",
          "fontWeight": 400,
          "letterSpacing": "0em",
          "lineHeight": 1.334,
        },
        "h6": Object {
          "@media (min-width:1280px)": Object {
            "fontSize": "1.25rem",
          },
          "@media (min-width:600px)": Object {
            "fontSize": "1.25rem",
          },
          "@media (min-width:960px)": Object {
            "fontSize": "1.25rem",
          },
          "fontFamily": "\\"Roboto\\", \\"Helvetica\\", \\"Arial\\", sans-serif",
          "fontSize": "1.125rem",
          "fontWeight": 500,
          "letterSpacing": "0.0075em",
          "lineHeight": 1.6,
        },
        "htmlFontSize": 16,
        "overline": Object {
          "fontFamily": "\\"Roboto\\", \\"Helvetica\\", \\"Arial\\", sans-serif",
          "fontSize": "0.75rem",
          "fontWeight": 400,
          "letterSpacing": "0.08333em",
          "lineHeight": 2.66,
          "textTransform": "uppercase",
        },
        "pxToRem": [Function],
        "round": [Function],
        "subtitle1": Object {
          "fontFamily": "\\"Roboto\\", \\"Helvetica\\", \\"Arial\\", sans-serif",
          "fontSize": "1rem",
          "fontWeight": 400,
          "letterSpacing": "0.00938em",
          "lineHeight": 1.75,
        },
        "subtitle2": Object {
          "fontFamily": "\\"Roboto\\", \\"Helvetica\\", \\"Arial\\", sans-serif",
          "fontSize": "0.875rem",
          "fontWeight": 500,
          "letterSpacing": "0.00714em",
          "lineHeight": 1.57,
        },
      },
      "zIndex": Object {
        "appBar": 1100,
        "drawer": 1200,
        "mobileStepper": 1000,
        "modal": 1300,
        "snackbar": 1400,
        "speedDial": 1050,
        "tooltip": 1500,
      },
      Symbol(mui.nested): false,
    }
  }
>
  <_default>
    <div
      className="makeStyles-main-1"
    >
      <WithStyles(ForwardRef(AppBar))
        position="static"
      >
        <ForwardRef(AppBar)
          classes={
            Object {
              "colorDefault": "MuiAppBar-colorDefault",
              "colorPrimary": "MuiAppBar-colorPrimary",
              "colorSecondary": "MuiAppBar-colorSecondary",
              "positionAbsolute": "MuiAppBar-positionAbsolute",
              "positionFixed": "MuiAppBar-positionFixed",
              "positionRelative": "MuiAppBar-positionRelative",
              "positionStatic": "MuiAppBar-positionStatic",
              "positionSticky": "MuiAppBar-positionSticky",
              "root": "MuiAppBar-root",
            }
          }
          position="static"
        >
          <WithStyles(ForwardRef(Paper))
            className="MuiAppBar-root MuiAppBar-positionStatic MuiAppBar-colorPrimary"
            component="header"
            elevation={4}
            square={true}
          >
            <ForwardRef(Paper)
              className="MuiAppBar-root MuiAppBar-positionStatic MuiAppBar-colorPrimary"
              classes={
                Object {
                  "elevation0": "MuiPaper-elevation0",
                  "elevation1": "MuiPaper-elevation1",
                  "elevation10": "MuiPaper-elevation10",
                  "elevation11": "MuiPaper-elevation11",
                  "elevation12": "MuiPaper-elevation12",
                  "elevation13": "MuiPaper-elevation13",
                  "elevation14": "MuiPaper-elevation14",
                  "elevation15": "MuiPaper-elevation15",
                  "elevation16": "MuiPaper-elevation16",
                  "elevation17": "MuiPaper-elevation17",
                  "elevation18": "MuiPaper-elevation18",
                  "elevation19": "MuiPaper-elevation19",
                  "elevation2": "MuiPaper-elevation2",
                  "elevation20": "MuiPaper-elevation20",
                  "elevation21": "MuiPaper-elevation21",
                  "elevation22": "MuiPaper-elevation22",
                  "elevation23": "MuiPaper-elevation23",
                  "elevation24": "MuiPaper-elevation24",
                  "elevation3": "MuiPaper-elevation3",
                  "elevation4": "MuiPaper-elevation4",
                  "elevation5": "MuiPaper-elevation5",
                  "elevation6": "MuiPaper-elevation6",
                  "elevation7": "MuiPaper-elevation7",
                  "elevation8": "MuiPaper-elevation8",
                  "elevation9": "MuiPaper-elevation9",
                  "outlined": "MuiPaper-outlined",
                  "root": "MuiPaper-root",
                  "rounded": "MuiPaper-rounded",
                }
              }
              component="header"
              elevation={4}
              square={true}
            >
              <header
                className="MuiPaper-root MuiAppBar-root MuiAppBar-positionStatic MuiAppBar-colorPrimary MuiPaper-elevation4"
              >
                <WithStyles(ForwardRef(Toolbar))>
                  <ForwardRef(Toolbar)
                    classes={
                      Object {
                        "dense": "MuiToolbar-dense",
                        "gutters": "MuiToolbar-gutters",
                        "regular": "MuiToolbar-regular",
                        "root": "MuiToolbar-root",
                      }
                    }
                  >
                    <div
                      className="MuiToolbar-root MuiToolbar-regular MuiToolbar-gutters"
                    >
                      <WithStyles(ForwardRef(Typography))
                        className="makeStyles-title-2"
                        data-testid="title"
                        variant="h5"
                      >
                        <ForwardRef(Typography)
                          className="makeStyles-title-2"
                          classes={
                            Object {
                              "alignCenter": "MuiTypography-alignCenter",
                              "alignJustify": "MuiTypography-alignJustify",
                              "alignLeft": "MuiTypography-alignLeft",
                              "alignRight": "MuiTypography-alignRight",
                              "body1": "MuiTypography-body1",
                              "body2": "MuiTypography-body2",
                              "button": "MuiTypography-button",
                              "caption": "MuiTypography-caption",
                              "colorError": "MuiTypography-colorError",
                              "colorInherit": "MuiTypography-colorInherit",
                              "colorPrimary": "MuiTypography-colorPrimary",
                              "colorSecondary": "MuiTypography-colorSecondary",
                              "colorTextPrimary": "MuiTypography-colorTextPrimary",
                              "colorTextSecondary": "MuiTypography-colorTextSecondary",
                              "displayBlock": "MuiTypography-displayBlock",
                              "displayInline": "MuiTypography-displayInline",
                              "gutterBottom": "MuiTypography-gutterBottom",
                              "h1": "MuiTypography-h1",
                              "h2": "MuiTypography-h2",
                              "h3": "MuiTypography-h3",
                              "h4": "MuiTypography-h4",
                              "h5": "MuiTypography-h5",
                              "h6": "MuiTypography-h6",
                              "noWrap": "MuiTypography-noWrap",
                              "overline": "MuiTypography-overline",
                              "paragraph": "MuiTypography-paragraph",
                              "root": "MuiTypography-root",
                              "srOnly": "MuiTypography-srOnly",
                              "subtitle1": "MuiTypography-subtitle1",
                              "subtitle2": "MuiTypography-subtitle2",
                            }
                          }
                          data-testid="title"
                          variant="h5"
                        >
                          <h5
                            className="MuiTypography-root makeStyles-title-2 MuiTypography-h5"
                            data-testid="title"
                          >
                            <WithStyles(ForwardRef(Link))
                              color="textSecondary"
                              href="/"
                              onClick={[Function]}
                              underline="none"
                            >
                              <ForwardRef(Link)
                                classes={
                                  Object {
                                    "button": "MuiLink-button",
                                    "focusVisible": "Mui-focusVisible",
                                    "root": "MuiLink-root",
                                    "underlineAlways": "MuiLink-underlineAlways",
                                    "underlineHover": "MuiLink-underlineHover",
                                    "underlineNone": "MuiLink-underlineNone",
                                  }
                                }
                                color="textSecondary"
                                href="/"
                                onClick={[Function]}
                                underline="none"
                              >
                                <WithStyles(ForwardRef(Typography))
                                  className="MuiLink-root MuiLink-underlineNone"
                                  color="textSecondary"
                                  component="a"
                                  href="/"
                                  onBlur={[Function]}
                                  onClick={[Function]}
                                  onFocus={[Function]}
                                  variant="inherit"
                                >
                                  <ForwardRef(Typography)
                                    className="MuiLink-root MuiLink-underlineNone"
                                    classes={
                                      Object {
                                        "alignCenter": "MuiTypography-alignCenter",
                                        "alignJustify": "MuiTypography-alignJustify",
                                        "alignLeft": "MuiTypography-alignLeft",
                                        "alignRight": "MuiTypography-alignRight",
                                        "body1": "MuiTypography-body1",
                                        "body2": "MuiTypography-body2",
                                        "button": "MuiTypography-button",
                                        "caption": "MuiTypography-caption",
                                        "colorError": "MuiTypography-colorError",
                                        "colorInherit": "MuiTypography-colorInherit",
                                        "colorPrimary": "MuiTypography-colorPrimary",
                                        "colorSecondary": "MuiTypography-colorSecondary",
                                        "colorTextPrimary": "MuiTypography-colorTextPrimary",
                                        "colorTextSecondary": "MuiTypography-colorTextSecondary",
                                        "displayBlock": "MuiTypography-displayBlock",
                                        "displayInline": "MuiTypography-displayInline",
                                        "gutterBottom": "MuiTypography-gutterBottom",
                                        "h1": "MuiTypography-h1",
                                        "h2": "MuiTypography-h2",
                                        "h3": "MuiTypography-h3",
                                        "h4": "MuiTypography-h4",
                                        "h5": "MuiTypography-h5",
                                        "h6": "MuiTypography-h6",
                                        "noWrap": "MuiTypography-noWrap",
                                        "overline": "MuiTypography-overline",
                                        "paragraph": "MuiTypography-paragraph",
                                        "root": "MuiTypography-root",
                                        "srOnly": "MuiTypography-srOnly",
                                        "subtitle1": "MuiTypography-subtitle1",
                                        "subtitle2": "MuiTypography-subtitle2",
                                      }
                                    }
                                    color="textSecondary"
                                    component="a"
                                    href="/"
                                    onBlur={[Function]}
                                    onClick={[Function]}
                                    onFocus={[Function]}
                                    variant="inherit"
                                  >
                                    <a
                                      className="MuiTypography-root MuiLink-root MuiLink-underlineNone MuiTypography-colorTextSecondary"
                                      href="/"
                                      onBlur={[Function]}
                                      onClick={[Function]}
                                      onFocus={[Function]}
                                    >
                                      project wag
                                    </a>
                                  </ForwardRef(Typography)>
                                </WithStyles(ForwardRef(Typography))>
                              </ForwardRef(Link)>
                            </WithStyles(ForwardRef(Link))>
                          </h5>
                        </ForwardRef(Typography)>
                      </WithStyles(ForwardRef(Typography))>
                      <WithStyles(ForwardRef(Typography))
                        data-testid="username"
                      >
                        <ForwardRef(Typography)
                          classes={
                            Object {
                              "alignCenter": "MuiTypography-alignCenter",
                              "alignJustify": "MuiTypography-alignJustify",
                              "alignLeft": "MuiTypography-alignLeft",
                              "alignRight": "MuiTypography-alignRight",
                              "body1": "MuiTypography-body1",
                              "body2": "MuiTypography-body2",
                              "button": "MuiTypography-button",
                              "caption": "MuiTypography-caption",
                              "colorError": "MuiTypography-colorError",
                              "colorInherit": "MuiTypography-colorInherit",
                              "colorPrimary": "MuiTypography-colorPrimary",
                              "colorSecondary": "MuiTypography-colorSecondary",
                              "colorTextPrimary": "MuiTypography-colorTextPrimary",
                              "colorTextSecondary": "MuiTypography-colorTextSecondary",
                              "displayBlock": "MuiTypography-displayBlock",
                              "displayInline": "MuiTypography-displayInline",
                              "gutterBottom": "MuiTypography-gutterBottom",
                              "h1": "MuiTypography-h1",
                              "h2": "MuiTypography-h2",
                              "h3": "MuiTypography-h3",
                              "h4": "MuiTypography-h4",
                              "h5": "MuiTypography-h5",
                              "h6": "MuiTypography-h6",
                              "noWrap": "MuiTypography-noWrap",
                              "overline": "MuiTypography-overline",
                              "paragraph": "MuiTypography-paragraph",
                              "root": "MuiTypography-root",
                              "srOnly": "MuiTypography-srOnly",
                              "subtitle1": "MuiTypography-subtitle1",
                              "subtitle2": "MuiTypography-subtitle2",
                            }
                          }
                          data-testid="username"
                        >
                          <p
                            className="MuiTypography-root MuiTypography-body1"
                            data-testid="username"
                          >
                            Test
                          </p>
                        </ForwardRef(Typography)>
                      </WithStyles(ForwardRef(Typography))>
                      <WithStyles(ForwardRef(IconButton))
                        color="inherit"
                        data-testid="theme-changer-button"
                        onClick={[MockFunction]}
                      >
                        <ForwardRef(IconButton)
                          classes={
                            Object {
                              "colorInherit": "MuiIconButton-colorInherit",
                              "colorPrimary": "MuiIconButton-colorPrimary",
                              "colorSecondary": "MuiIconButton-colorSecondary",
                              "disabled": "Mui-disabled",
                              "edgeEnd": "MuiIconButton-edgeEnd",
                              "edgeStart": "MuiIconButton-edgeStart",
                              "label": "MuiIconButton-label",
                              "root": "MuiIconButton-root",
                              "sizeSmall": "MuiIconButton-sizeSmall",
                            }
                          }
                          color="inherit"
                          data-testid="theme-changer-button"
                          onClick={[MockFunction]}
                        >
                          <WithStyles(ForwardRef(ButtonBase))
                            centerRipple={true}
                            className="MuiIconButton-root MuiIconButton-colorInherit"
                            data-testid="theme-changer-button"
                            disabled={false}
                            focusRipple={true}
                            onClick={[MockFunction]}
                          >
                            <ForwardRef(ButtonBase)
                              centerRipple={true}
                              className="MuiIconButton-root MuiIconButton-colorInherit"
                              classes={
                                Object {
                                  "disabled": "Mui-disabled",
                                  "focusVisible": "Mui-focusVisible",
                                  "root": "MuiButtonBase-root",
                                }
                              }
                              data-testid="theme-changer-button"
                              disabled={false}
                              focusRipple={true}
                              onClick={[MockFunction]}
                            >
                              <button
                                className="MuiButtonBase-root MuiIconButton-root MuiIconButton-colorInherit"
                                data-testid="theme-changer-button"
                                disabled={false}
                                onBlur={[Function]}
                                onClick={[MockFunction]}
                                onDragLeave={[Function]}
                                onFocus={[Function]}
                                onKeyDown={[Function]}
                                onKeyUp={[Function]}
                                onMouseDown={[Function]}
                                onMouseLeave={[Function]}
                                onMouseUp={[Function]}
                                onTouchEnd={[Function]}
                                onTouchMove={[Function]}
                                onTouchStart={[Function]}
                                tabIndex={0}
                                type="button"
                              >
                                <span
                                  className="MuiIconButton-label"
                                >
                                  <ForwardRef>
                                    <WithStyles(ForwardRef(SvgIcon))>
                                      <ForwardRef(SvgIcon)
                                        classes={
                                          Object {
                                            "colorAction": "MuiSvgIcon-colorAction",
                                            "colorDisabled": "MuiSvgIcon-colorDisabled",
                                            "colorError": "MuiSvgIcon-colorError",
                                            "colorPrimary": "MuiSvgIcon-colorPrimary",
                                            "colorSecondary": "MuiSvgIcon-colorSecondary",
                                            "fontSizeInherit": "MuiSvgIcon-fontSizeInherit",
                                            "fontSizeLarge": "MuiSvgIcon-fontSizeLarge",
                                            "fontSizeSmall": "MuiSvgIcon-fontSizeSmall",
                                            "root": "MuiSvgIcon-root",
                                          }
                                        }
                                      >
                                        <svg
                                          aria-hidden="true"
                                          className="MuiSvgIcon-root"
                                          focusable="false"
                                          role="presentation"
                                          viewBox="0 0 24 24"
                                        >
                                          <path
                                            d="M20 8.69V4h-4.69L12 .69 8.69 4H4v4.69L.69 12 4 15.31V20h4.69L12 23.31 15.31 20H20v-4.69L23.31 12 20 8.69zM12 18c-3.31 0-6-2.69-6-6s2.69-6 6-6 6 2.69 6 6-2.69 6-6 6zm0-10c-2.21 0-4 1.79-4 4s1.79 4 4 4 4-1.79 4-4-1.79-4-4-4z"
                                          />
                                        </svg>
                                      </ForwardRef(SvgIcon)>
                                    </WithStyles(ForwardRef(SvgIcon))>
                                  </ForwardRef>
                                </span>
                                <NoSsr>
                                  <WithStyles(undefined)
                                    center={true}
                                  >
                                    <ForwardRef(TouchRipple)
                                      center={true}
                                      classes={
                                        Object {
                                          "child": "MuiTouchRipple-child",
                                          "childLeaving": "MuiTouchRipple-childLeaving",
                                          "childPulsate": "MuiTouchRipple-childPulsate",
                                          "ripple": "MuiTouchRipple-ripple",
                                          "ripplePulsate": "MuiTouchRipple-ripplePulsate",
                                          "rippleVisible": "MuiTouchRipple-rippleVisible",
                                          "root": "MuiTouchRipple-root",
                                        }
                                      }
                                    >
                                      <span
                                        className="MuiTouchRipple-root"
                                      >
                                        <TransitionGroup
                                          childFactory={[Function]}
                                          component={null}
                                          exit={true}
                                        />
                                      </span>
                                    </ForwardRef(TouchRipple)>
                                  </WithStyles(undefined)>
                                </NoSsr>
                              </button>
                            </ForwardRef(ButtonBase)>
                          </WithStyles(ForwardRef(ButtonBase))>
                        </ForwardRef(IconButton)>
                      </WithStyles(ForwardRef(IconButton))>
                    </div>
                  </ForwardRef(Toolbar)>
                </WithStyles(ForwardRef(Toolbar))>
              </header>
            </ForwardRef(Paper)>
          </WithStyles(ForwardRef(Paper))>
        </ForwardRef(AppBar)>
      </WithStyles(ForwardRef(AppBar))>
    </div>
  </_default>
</ThemeProvider>
`;
